src/auth/auth.dto.ts(1,58): error TS2307: Cannot find module 'class-validator' or its corresponding type declarations.
src/wardrobe/wardrobe.controller.ts(11,20): error TS7006: Parameter 'req' implicitly has an 'any' type.
src/wardrobe/wardrobe.controller.ts(17,9): error TS7006: Parameter 'req' implicitly has an 'any' type.
src/wardrobe/wardrobe.controller.ts(24,22): error TS7006: Parameter 'req' implicitly has an 'any' type.
